// Vitest Snapshot v1, https://vitest.dev/guide/snapshot.html

exports[`navbar works correctly > hides the mobile menu 1`] = `"Nord Coders Open main menuAccueilBlog Recrutez-moi â†’Nord CodersClose menu Accueil  Blog  Recrutez-moi"`;
